2026-04-29 19:07:02,497 PAT INFO: Saving model in the path :models/./model
2026-04-29 19:07:02,497 PAT INFO: Namespace(config_file='config/UrbanElementsReID_train.yml', opts=[], local_rank=0)
2026-04-29 19:07:02,497 PAT INFO: Loaded configuration file config/UrbanElementsReID_train.yml
2026-04-29 19:07:02,497 PAT INFO: 
MODEL:
  PRETRAIN_CHOICE: 'imagenet'
  #PRETRAIN_PATH: "../../.cache/torch/hub/checkpoints" # root of pretrain path
  PRETRAIN_PATH: "/home/sidna/ReID_Project/ReID/models/model/" 
  IF_LABELSMOOTH: 'on'
  IF_WITH_CENTER: 'no'
  NAME: 'part_attention_vit'
  NO_MARGIN: True
  DEVICE_ID: ('0')
  TRANSFORMER_TYPE: 'vit_large_patch16_224_TransReID'
  STRIDE_SIZE: [16, 16]

INPUT:
  SIZE_TRAIN: [256,128]
  SIZE_TEST: [256,128]
  REA:
    ENABLED: False
  PIXEL_MEAN: [0.5, 0.5, 0.5]
  PIXEL_STD: [0.5, 0.5, 0.5]
  LGT: # Local Grayscale Transfomation
    DO_LGT: False
    PROB: 0.5
  CJ:
    ENABLED: True
    PROB: 0.5
    BRIGHTNESS: 0.3
    CONTRAST: 0.3
    SATURATION: 0.2
    HUE: 0.1
  REA:
    ENABLED: True
    PROB: 0.5


DATASETS:
  TRAIN: ('UrbanElementsReID',)
  TEST: ('UrbanElementsReID',)
  #ROOT_DIR: ('../../data') # root of datasets
  ROOT_DIR: '/home/sidna/ReID_Project/ReID/Urban2026_UAM_MERGED'

DATALOADER:
  SAMPLER: 'softmax_triplet'
  NUM_INSTANCE: 4
  NUM_WORKERS: 8

SOLVER:
  OPTIMIZER_NAME: 'SGD'
  MAX_EPOCHS: 30
  BASE_LR: 0.001 # 0.0004 for msmt
  IMS_PER_BATCH: 64
  WARMUP_METHOD: 'linear'
  LARGE_FC_LR: False
  CHECKPOINT_PERIOD: 5
  LOG_PERIOD: 60
  EVAL_PERIOD: 1
  WEIGHT_DECAY:  1e-4
  WEIGHT_DECAY_BIAS: 1e-4
  BIAS_LR_FACTOR: 2
  SEED: 1234

TEST:
  EVAL: True
  IMS_PER_BATCH: 128
  RE_RANKING: False
  WEIGHT: ''
  NECK_FEAT: 'before'
  FEAT_NORM: True

LOG_ROOT: 'models/' # root of log file
TB_LOG_ROOT: './tb_log/'
LOG_NAME: './model'

2026-04-29 19:07:02,497 PAT INFO: Running with config:
DATALOADER:
  CAMERA_TO_DOMAIN: False
  DELETE_REM: False
  DROP_LAST: False
  INDIVIDUAL: False
  NAIVE_WAY: True
  NUM_INSTANCE: 4
  NUM_WORKERS: 8
  SAMPLER: softmax_triplet
DATASETS:
  COMBINEALL: False
  ROOT_DIR: /home/sidna/ReID_Project/ReID/Urban2026_UAM_MERGED
  TEST: ('UrbanElementsReID',)
  TRAIN: ('UrbanElementsReID',)
INPUT:
  CJ:
    BRIGHTNESS: 0.3
    CONTRAST: 0.3
    ENABLED: True
    HUE: 0.1
    PROB: 0.5
    SATURATION: 0.2
  DO_AUGMIX: False
  DO_AUTOAUG: False
  DO_FLIP: True
  DO_PAD: True
  FLIP_PROB: 0.5
  LGT:
    DO_LGT: False
    PROB: 0.5
  PADDING: 10
  PADDING_MODE: constant
  PIXEL_MEAN: [0.5, 0.5, 0.5]
  PIXEL_STD: [0.5, 0.5, 0.5]
  REA:
    ENABLED: True
    MEAN: [123.675, 116.28, 103.53]
    PROB: 0.5
  RPT:
    ENABLED: False
    PROB: 0.5
  SIZE_TEST: [256, 128]
  SIZE_TRAIN: [256, 128]
LOG_NAME: ./model
LOG_ROOT: models/
MODEL:
  ATT_DROP_RATE: 0.0
  CLUSTER_K: 10
  COS_LAYER: False
  DEVICE: cuda
  DEVICE_ID: 0
  DIST_TRAIN: False
  DROP_OUT: 0.0
  DROP_PATH: 0.1
  FREEZE_PATCH_EMBED: True
  ID_LOSS_TYPE: softmax
  ID_LOSS_WEIGHT: 1.0
  IF_LABELSMOOTH: on
  IF_WITH_CENTER: no
  LAST_STRIDE: 1
  METRIC_LOSS_TYPE: triplet
  NAME: part_attention_vit
  NECK: bnneck
  NO_MARGIN: True
  PATCH_EMBED_TYPE: 
  PC_LOSS: True
  PC_LR: 1.0
  PC_SCALE: 0.02
  PRETRAIN_CHOICE: imagenet
  PRETRAIN_PATH: /home/sidna/ReID_Project/ReID/models/model/
  SOFT_LABEL: True
  SOFT_LAMBDA: 0.5
  SOFT_WEIGHT: 0.5
  STRIDE_SIZE: [16, 16]
  TRANSFORMER_TYPE: vit_large_patch16_224_TransReID
  TRIPLET_LOSS_WEIGHT: 1.0
SOLVER:
  BASE_LR: 0.001
  BIAS_LR_FACTOR: 2
  CENTER_LOSS_WEIGHT: 0.0005
  CENTER_LR: 0.5
  CHECKPOINT_PERIOD: 5
  COSINE_MARGIN: 0.5
  COSINE_SCALE: 30
  EVAL_PERIOD: 1
  GAMMA: 0.1
  IMS_PER_BATCH: 64
  LARGE_FC_LR: False
  LOG_PERIOD: 60
  MARGIN: 0.3
  MAX_EPOCHS: 30
  MOMENTUM: 0.9
  OPTIMIZER_NAME: SGD
  SEED: 1234
  STEPS: (40, 70)
  WARMUP_EPOCHS: 5
  WARMUP_FACTOR: 0.01
  WARMUP_METHOD: linear
  WEIGHT_DECAY: 0.0001
  WEIGHT_DECAY_BIAS: 0.0001
TB_LOG_ROOT: ./tb_log/
TEST:
  DIST_MAT: dist_mat.npy
  EVAL: True
  FEAT_NORM: True
  IMS_PER_BATCH: 128
  NECK_FEAT: before
  RE_RANKING: False
  WEIGHT: 
2026-04-29 19:07:04,205 PAT INFO: => Loaded UrbanElementsReID
2026-04-29 19:07:04,205 PAT INFO:   ----------------------------------------
2026-04-29 19:07:04,205 PAT INFO:   subset   | # ids | # images | # cameras
2026-04-29 19:07:04,205 PAT INFO:   ----------------------------------------
2026-04-29 19:07:04,205 PAT INFO:   train    |  1567 |    17562 |         4
2026-04-29 19:07:04,205 PAT INFO:   ----------------------------------------
2026-04-29 19:07:04,545 PAT INFO: => Loaded UrbanElementsReID
2026-04-29 19:07:04,546 PAT INFO:   ----------------------------------------
2026-04-29 19:07:04,546 PAT INFO:   subset   | # ids | # images | # cameras
2026-04-29 19:07:04,546 PAT INFO:   ----------------------------------------
2026-04-29 19:07:04,546 PAT INFO:   query    |  1567 |    17562 |         4
2026-04-29 19:07:04,546 PAT INFO:   gallery  |  1567 |    17562 |         4
2026-04-29 19:07:04,546 PAT INFO:   ----------------------------------------
using Transformer_type: part token vit as a backbone
using stride: [16, 16], and patch number is num_y16 * num_x8
using drop_out rate is : 0.0
using attn_drop_out rate is : 0.0
using drop_path rate is : 0.1
